≡ƒº¬ STARTING MANUAL ANALYSIS TEST
--------------------------------
≡ƒÜÇ Calling fetchSentinelNDVI with mock geometry...
node.exe : Sentinel Process API Error: 
{"error":{"status":400,"reason":"Bad 
Request","message":"Format application/json 
does not support sample type 
AUTO.","code":"COMMON_EXCEPTION"}}
At line:1 char:1
+ & "C:\Program Files\nodejs/node.exe" 
"C:\Program Files\nodejs/node_mo ...
+ ~~~~~~~~~~~~~~~~~~~~~~~~~~~~~~~~~~~~~~~~~~
~~~~~~~~~~~~~~~~~~~~~~~~~~~
    + CategoryInfo          : NotSpecified: 
    (Sentinel Proces...ON_EXCEPTION"}}:Str  
  ing) [], RemoteException
    + FullyQualifiedErrorId : NativeCommand 
   Error
 
Fetch Sentinel NDVI Error: Error: Sentinel 
API Error: 
{"error":{"status":400,"reason":"Bad 
Request","message":"Format application/json 
does not support sample type 
AUTO.","code":"COMMON_EXCEPTION"}}
    at fetchSentinelNDVI (C:\Users\gotok\Pla
yground\actions\satellite.ts:129:19)
    at process.processTicksAndRejections 
(node:internal/process/task_queues:103:5)
    at async <anonymous> (C:\Users\gotok\Pla
yground\scripts\test_analysis_write.ts:41:20
)

Γ£à Function returned.
   Result was null (likely due to error or empty data)

≡ƒôé CHECKING DEBUG FILE:
   Path: C:\Users\gotok\Playground\public\last_analysis.json
   Timestamp in file: 2026-01-19T09:50:00Z
   Data length: N/A
--------------------------------
